2024/08/20 15:02:41 [notice] 1#1: signal 3 (SIGQUIT) received, shutting down
2024/08/20 15:02:41 [notice] 20#20: gracefully shutting down
2024/08/20 15:02:41 [notice] 20#20: exiting
2024/08/20 15:02:41 [notice] 20#20: exit
2024/08/20 15:02:41 [notice] 1#1: signal 17 (SIGCHLD) received from 20
2024/08/20 15:02:41 [notice] 1#1: worker process 20 exited with code 0
2024/08/20 15:02:41 [notice] 1#1: exit
2024/08/20 15:04:32 [notice] 1#1: using the "epoll" event method
2024/08/20 15:04:32 [notice] 1#1: nginx/1.27.0
2024/08/20 15:04:32 [notice] 1#1: built by gcc 13.2.1 20231014 (Alpine 13.2.1_git20231014) 
2024/08/20 15:04:32 [notice] 1#1: OS: Linux 5.15.0-117-generic
2024/08/20 15:04:32 [notice] 1#1: getrlimit(RLIMIT_NOFILE): 1048576:1048576
2024/08/20 15:04:32 [notice] 1#1: start worker processes
2024/08/20 15:04:32 [notice] 1#1: start worker process 21
2024/08/22 03:44:35 [notice] 1#1: signal 3 (SIGQUIT) received, shutting down
2024/08/22 03:44:35 [notice] 21#21: gracefully shutting down
2024/08/22 03:44:35 [notice] 21#21: exiting
2024/08/22 03:44:35 [notice] 21#21: exit
2024/08/22 03:44:35 [notice] 1#1: signal 17 (SIGCHLD) received from 21
2024/08/22 03:44:35 [notice] 1#1: worker process 21 exited with code 0
2024/08/22 03:44:35 [notice] 1#1: exit
2024/08/29 15:36:17 [notice] 1#1: using the "epoll" event method
2024/08/29 15:36:17 [notice] 1#1: nginx/1.27.1
2024/08/29 15:36:17 [notice] 1#1: built by gcc 13.2.1 20240309 (Alpine 13.2.1_git20240309) 
2024/08/29 15:36:17 [notice] 1#1: OS: Linux 5.15.0-118-generic
2024/08/29 15:36:17 [notice] 1#1: getrlimit(RLIMIT_NOFILE): 1048576:1048576
2024/08/29 15:36:17 [notice] 1#1: start worker processes
2024/08/29 15:36:17 [notice] 1#1: start worker process 20
2024/08/29 15:41:04 [notice] 1#1: signal 3 (SIGQUIT) received, shutting down
2024/08/29 15:41:04 [notice] 20#20: gracefully shutting down
2024/08/29 15:41:04 [notice] 20#20: exiting
2024/08/29 15:41:04 [notice] 20#20: exit
2024/08/29 15:41:04 [notice] 1#1: signal 17 (SIGCHLD) received from 20
2024/08/29 15:41:04 [notice] 1#1: worker process 20 exited with code 0
2024/08/29 15:41:04 [notice] 1#1: exit
2024/08/29 15:42:10 [notice] 1#1: using the "epoll" event method
2024/08/29 15:42:10 [notice] 1#1: nginx/1.27.1
2024/08/29 15:42:10 [notice] 1#1: built by gcc 13.2.1 20240309 (Alpine 13.2.1_git20240309) 
2024/08/29 15:42:10 [notice] 1#1: OS: Linux 5.15.0-118-generic
2024/08/29 15:42:10 [notice] 1#1: getrlimit(RLIMIT_NOFILE): 1048576:1048576
2024/08/29 15:42:10 [notice] 1#1: start worker processes
2024/08/29 15:42:10 [notice] 1#1: start worker process 20
2024/08/29 15:43:50 [notice] 1#1: signal 3 (SIGQUIT) received, shutting down
2024/08/29 15:43:50 [notice] 20#20: gracefully shutting down
2024/08/29 15:43:50 [notice] 20#20: exiting
2024/08/29 15:43:50 [notice] 20#20: exit
2024/08/29 15:43:50 [notice] 1#1: signal 17 (SIGCHLD) received from 20
2024/08/29 15:43:50 [notice] 1#1: worker process 20 exited with code 0
2024/08/29 15:43:50 [notice] 1#1: exit
2024/08/29 15:44:39 [notice] 1#1: using the "epoll" event method
2024/08/29 15:44:39 [notice] 1#1: nginx/1.27.1
2024/08/29 15:44:39 [notice] 1#1: built by gcc 13.2.1 20240309 (Alpine 13.2.1_git20240309) 
2024/08/29 15:44:39 [notice] 1#1: OS: Linux 5.15.0-118-generic
2024/08/29 15:44:39 [notice] 1#1: getrlimit(RLIMIT_NOFILE): 1048576:1048576
2024/08/29 15:44:39 [notice] 1#1: start worker processes
2024/08/29 15:44:39 [notice] 1#1: start worker process 20
2024/08/29 15:46:36 [notice] 1#1: signal 3 (SIGQUIT) received, shutting down
2024/08/29 15:46:36 [notice] 20#20: gracefully shutting down
2024/08/29 15:46:36 [notice] 20#20: exiting
2024/08/29 15:46:36 [notice] 20#20: exit
2024/08/29 15:46:36 [notice] 1#1: signal 17 (SIGCHLD) received from 20
2024/08/29 15:46:36 [notice] 1#1: worker process 20 exited with code 0
2024/08/29 15:46:36 [notice] 1#1: exit
2024/08/29 15:46:41 [notice] 1#1: using the "epoll" event method
2024/08/29 15:46:41 [notice] 1#1: nginx/1.27.1
2024/08/29 15:46:41 [notice] 1#1: built by gcc 13.2.1 20240309 (Alpine 13.2.1_git20240309) 
2024/08/29 15:46:41 [notice] 1#1: OS: Linux 5.15.0-118-generic
2024/08/29 15:46:41 [notice] 1#1: getrlimit(RLIMIT_NOFILE): 1048576:1048576
2024/08/29 15:46:41 [notice] 1#1: start worker processes
2024/08/29 15:46:41 [notice] 1#1: start worker process 19
2024/08/29 15:48:17 [notice] 1#1: signal 3 (SIGQUIT) received, shutting down
2024/08/29 15:48:17 [notice] 19#19: gracefully shutting down
2024/08/29 15:48:17 [notice] 19#19: exiting
2024/08/29 15:48:17 [notice] 19#19: exit
2024/08/29 15:48:17 [notice] 1#1: signal 17 (SIGCHLD) received from 19
2024/08/29 15:48:17 [notice] 1#1: worker process 19 exited with code 0
2024/08/29 15:48:17 [notice] 1#1: exit
2024/08/29 15:48:24 [notice] 1#1: using the "epoll" event method
2024/08/29 15:48:24 [notice] 1#1: nginx/1.27.1
2024/08/29 15:48:24 [notice] 1#1: built by gcc 13.2.1 20240309 (Alpine 13.2.1_git20240309) 
2024/08/29 15:48:24 [notice] 1#1: OS: Linux 5.15.0-118-generic
2024/08/29 15:48:24 [notice] 1#1: getrlimit(RLIMIT_NOFILE): 1048576:1048576
2024/08/29 15:48:24 [notice] 1#1: start worker processes
2024/08/29 15:48:24 [notice] 1#1: start worker process 20
2024/08/29 15:51:46 [notice] 1#1: signal 3 (SIGQUIT) received, shutting down
2024/08/29 15:51:46 [notice] 20#20: gracefully shutting down
2024/08/29 15:51:46 [notice] 20#20: exiting
2024/08/29 15:51:46 [notice] 20#20: exit
2024/08/29 15:51:46 [notice] 1#1: signal 17 (SIGCHLD) received from 20
2024/08/29 15:51:46 [notice] 1#1: worker process 20 exited with code 0
2024/08/29 15:51:46 [notice] 1#1: exit
2024/08/29 15:51:52 [notice] 1#1: using the "epoll" event method
2024/08/29 15:51:52 [notice] 1#1: nginx/1.27.1
2024/08/29 15:51:52 [notice] 1#1: built by gcc 13.2.1 20240309 (Alpine 13.2.1_git20240309) 
2024/08/29 15:51:52 [notice] 1#1: OS: Linux 5.15.0-118-generic
2024/08/29 15:51:52 [notice] 1#1: getrlimit(RLIMIT_NOFILE): 1048576:1048576
2024/08/29 15:51:52 [notice] 1#1: start worker processes
2024/08/29 15:51:52 [notice] 1#1: start worker process 20
2024/08/29 16:11:56 [notice] 1#1: signal 3 (SIGQUIT) received, shutting down
2024/08/29 16:11:56 [notice] 20#20: gracefully shutting down
2024/08/29 16:11:56 [notice] 20#20: exiting
2024/08/29 16:11:56 [notice] 20#20: exit
2024/08/29 16:11:56 [notice] 1#1: signal 17 (SIGCHLD) received from 20
2024/08/29 16:11:56 [notice] 1#1: worker process 20 exited with code 0
2024/08/29 16:11:56 [notice] 1#1: exit
2024/08/29 16:12:13 [notice] 1#1: using the "epoll" event method
2024/08/29 16:12:13 [notice] 1#1: nginx/1.27.1
2024/08/29 16:12:13 [notice] 1#1: built by gcc 13.2.1 20240309 (Alpine 13.2.1_git20240309) 
2024/08/29 16:12:13 [notice] 1#1: OS: Linux 5.15.0-118-generic
2024/08/29 16:12:13 [notice] 1#1: getrlimit(RLIMIT_NOFILE): 1048576:1048576
2024/08/29 16:12:13 [notice] 1#1: start worker processes
2024/08/29 16:12:13 [notice] 1#1: start worker process 20
2024/08/29 16:13:49 [notice] 1#1: signal 3 (SIGQUIT) received, shutting down
2024/08/29 16:13:49 [notice] 20#20: gracefully shutting down
2024/08/29 16:13:49 [notice] 20#20: exiting
2024/08/29 16:13:49 [notice] 20#20: exit
2024/08/29 16:13:49 [notice] 1#1: signal 17 (SIGCHLD) received from 20
2024/08/29 16:13:49 [notice] 1#1: worker process 20 exited with code 0
2024/08/29 16:13:49 [notice] 1#1: exit
2024/08/29 16:16:55 [notice] 1#1: using the "epoll" event method
2024/08/29 16:16:55 [notice] 1#1: nginx/1.27.1
2024/08/29 16:16:55 [notice] 1#1: built by gcc 13.2.1 20240309 (Alpine 13.2.1_git20240309) 
2024/08/29 16:16:55 [notice] 1#1: OS: Linux 5.15.0-118-generic
2024/08/29 16:16:55 [notice] 1#1: getrlimit(RLIMIT_NOFILE): 1048576:1048576
2024/08/29 16:16:55 [notice] 1#1: start worker processes
2024/08/29 16:16:55 [notice] 1#1: start worker process 20
2024/08/29 16:18:22 [notice] 1#1: signal 3 (SIGQUIT) received, shutting down
2024/08/29 16:18:22 [notice] 20#20: gracefully shutting down
2024/08/29 16:18:22 [notice] 20#20: exiting
2024/08/29 16:18:22 [notice] 20#20: exit
2024/08/29 16:18:22 [notice] 1#1: signal 17 (SIGCHLD) received from 20
2024/08/29 16:18:22 [notice] 1#1: worker process 20 exited with code 0
2024/08/29 16:18:22 [notice] 1#1: exit
2024/08/29 16:18:37 [notice] 1#1: using the "epoll" event method
2024/08/29 16:18:37 [notice] 1#1: nginx/1.27.1
2024/08/29 16:18:37 [notice] 1#1: built by gcc 13.2.1 20240309 (Alpine 13.2.1_git20240309) 
2024/08/29 16:18:37 [notice] 1#1: OS: Linux 5.15.0-118-generic
2024/08/29 16:18:37 [notice] 1#1: getrlimit(RLIMIT_NOFILE): 1048576:1048576
2024/08/29 16:18:37 [notice] 1#1: start worker processes
2024/08/29 16:18:37 [notice] 1#1: start worker process 20
2024/08/29 16:22:54 [notice] 1#1: signal 3 (SIGQUIT) received, shutting down
2024/08/29 16:22:54 [notice] 20#20: gracefully shutting down
2024/08/29 16:22:54 [notice] 20#20: exiting
2024/08/29 16:22:54 [notice] 20#20: exit
2024/08/29 16:22:54 [notice] 1#1: signal 17 (SIGCHLD) received from 20
2024/08/29 16:22:54 [notice] 1#1: worker process 20 exited with code 0
2024/08/29 16:22:54 [notice] 1#1: exit
2024/08/29 16:23:05 [notice] 1#1: using the "epoll" event method
2024/08/29 16:23:05 [notice] 1#1: nginx/1.27.1
2024/08/29 16:23:05 [notice] 1#1: built by gcc 13.2.1 20240309 (Alpine 13.2.1_git20240309) 
2024/08/29 16:23:05 [notice] 1#1: OS: Linux 5.15.0-118-generic
2024/08/29 16:23:05 [notice] 1#1: getrlimit(RLIMIT_NOFILE): 1048576:1048576
2024/08/29 16:23:05 [notice] 1#1: start worker processes
2024/08/29 16:23:05 [notice] 1#1: start worker process 20
2024/08/29 16:33:18 [notice] 1#1: signal 3 (SIGQUIT) received, shutting down
2024/08/29 16:33:18 [notice] 20#20: gracefully shutting down
2024/08/29 16:33:18 [notice] 20#20: exiting
2024/08/29 16:33:18 [notice] 20#20: exit
2024/08/29 16:33:18 [notice] 1#1: signal 17 (SIGCHLD) received from 20
2024/08/29 16:33:18 [notice] 1#1: worker process 20 exited with code 0
2024/08/29 16:33:18 [notice] 1#1: exit
2024/08/29 16:33:43 [notice] 1#1: using the "epoll" event method
2024/08/29 16:33:43 [notice] 1#1: nginx/1.27.1
2024/08/29 16:33:43 [notice] 1#1: built by gcc 13.2.1 20240309 (Alpine 13.2.1_git20240309) 
2024/08/29 16:33:43 [notice] 1#1: OS: Linux 5.15.0-118-generic
2024/08/29 16:33:43 [notice] 1#1: getrlimit(RLIMIT_NOFILE): 1048576:1048576
2024/08/29 16:33:43 [notice] 1#1: start worker processes
2024/08/29 16:33:43 [notice] 1#1: start worker process 20
2024/08/29 16:41:12 [notice] 1#1: signal 3 (SIGQUIT) received, shutting down
2024/08/29 16:41:12 [notice] 20#20: gracefully shutting down
2024/08/29 16:41:12 [notice] 20#20: exiting
2024/08/29 16:41:12 [notice] 20#20: exit
2024/08/29 16:41:12 [notice] 1#1: signal 17 (SIGCHLD) received from 20
2024/08/29 16:41:12 [notice] 1#1: worker process 20 exited with code 0
2024/08/29 16:41:12 [notice] 1#1: exit
2024/08/29 16:41:35 [notice] 1#1: using the "epoll" event method
2024/08/29 16:41:35 [notice] 1#1: nginx/1.27.1
2024/08/29 16:41:35 [notice] 1#1: built by gcc 13.2.1 20240309 (Alpine 13.2.1_git20240309) 
2024/08/29 16:41:35 [notice] 1#1: OS: Linux 5.15.0-118-generic
2024/08/29 16:41:35 [notice] 1#1: getrlimit(RLIMIT_NOFILE): 1048576:1048576
2024/08/29 16:41:35 [notice] 1#1: start worker processes
2024/08/29 16:41:35 [notice] 1#1: start worker process 20
2024/08/29 16:42:51 [notice] 1#1: signal 3 (SIGQUIT) received, shutting down
2024/08/29 16:42:51 [notice] 20#20: gracefully shutting down
2024/08/29 16:42:51 [notice] 20#20: exiting
2024/08/29 16:42:51 [notice] 20#20: exit
2024/08/29 16:42:51 [notice] 1#1: signal 17 (SIGCHLD) received from 20
2024/08/29 16:42:51 [notice] 1#1: worker process 20 exited with code 0
2024/08/29 16:42:51 [notice] 1#1: exit
2024/08/29 16:43:09 [notice] 1#1: using the "epoll" event method
2024/08/29 16:43:09 [notice] 1#1: nginx/1.27.1
2024/08/29 16:43:09 [notice] 1#1: built by gcc 13.2.1 20240309 (Alpine 13.2.1_git20240309) 
2024/08/29 16:43:09 [notice] 1#1: OS: Linux 5.15.0-118-generic
2024/08/29 16:43:09 [notice] 1#1: getrlimit(RLIMIT_NOFILE): 1048576:1048576
2024/08/29 16:43:09 [notice] 1#1: start worker processes
2024/08/29 16:43:09 [notice] 1#1: start worker process 20
2024/08/29 17:42:31 [notice] 1#1: signal 3 (SIGQUIT) received, shutting down
2024/08/29 17:42:31 [notice] 20#20: gracefully shutting down
2024/08/29 17:42:31 [notice] 20#20: exiting
2024/08/29 17:42:31 [notice] 20#20: exit
2024/08/29 17:42:31 [notice] 1#1: signal 17 (SIGCHLD) received from 20
2024/08/29 17:42:31 [notice] 1#1: worker process 20 exited with code 0
2024/08/29 17:42:31 [notice] 1#1: exit
2024/08/29 17:57:02 [notice] 1#1: using the "epoll" event method
2024/08/29 17:57:02 [notice] 1#1: nginx/1.27.1
2024/08/29 17:57:02 [notice] 1#1: built by gcc 13.2.1 20240309 (Alpine 13.2.1_git20240309) 
2024/08/29 17:57:02 [notice] 1#1: OS: Linux 5.15.0-118-generic
2024/08/29 17:57:02 [notice] 1#1: getrlimit(RLIMIT_NOFILE): 1048576:1048576
2024/08/29 17:57:02 [notice] 1#1: start worker processes
2024/08/29 17:57:02 [notice] 1#1: start worker process 20
2024/08/29 17:57:18 [notice] 1#1: signal 3 (SIGQUIT) received, shutting down
2024/08/29 17:57:18 [notice] 20#20: gracefully shutting down
2024/08/29 17:57:18 [notice] 20#20: exiting
2024/08/29 17:57:18 [notice] 20#20: exit
2024/08/29 17:57:18 [notice] 1#1: signal 17 (SIGCHLD) received from 20
2024/08/29 17:57:18 [notice] 1#1: worker process 20 exited with code 0
2024/08/29 17:57:18 [notice] 1#1: exit
2024/08/29 18:00:23 [notice] 1#1: using the "epoll" event method
2024/08/29 18:00:23 [notice] 1#1: nginx/1.27.1
2024/08/29 18:00:23 [notice] 1#1: built by gcc 13.2.1 20240309 (Alpine 13.2.1_git20240309) 
2024/08/29 18:00:23 [notice] 1#1: OS: Linux 5.15.0-118-generic
2024/08/29 18:00:23 [notice] 1#1: getrlimit(RLIMIT_NOFILE): 1048576:1048576
2024/08/29 18:00:23 [notice] 1#1: start worker processes
2024/08/29 18:00:23 [notice] 1#1: start worker process 19
2024/08/29 18:11:24 [notice] 1#1: signal 3 (SIGQUIT) received, shutting down
2024/08/29 18:11:24 [notice] 19#19: gracefully shutting down
2024/08/29 18:11:24 [notice] 19#19: exiting
2024/08/29 18:11:24 [notice] 19#19: exit
2024/08/29 18:11:24 [notice] 1#1: signal 17 (SIGCHLD) received from 19
2024/08/29 18:11:24 [notice] 1#1: worker process 19 exited with code 0
2024/08/29 18:11:24 [notice] 1#1: exit
2024/08/29 18:11:31 [notice] 1#1: using the "epoll" event method
2024/08/29 18:11:31 [notice] 1#1: nginx/1.27.1
2024/08/29 18:11:31 [notice] 1#1: built by gcc 13.2.1 20240309 (Alpine 13.2.1_git20240309) 
2024/08/29 18:11:31 [notice] 1#1: OS: Linux 5.15.0-118-generic
2024/08/29 18:11:31 [notice] 1#1: getrlimit(RLIMIT_NOFILE): 1048576:1048576
2024/08/29 18:11:31 [notice] 1#1: start worker processes
2024/08/29 18:11:31 [notice] 1#1: start worker process 20
2024/08/29 18:14:21 [notice] 1#1: signal 3 (SIGQUIT) received, shutting down
2024/08/29 18:14:21 [notice] 20#20: gracefully shutting down
2024/08/29 18:14:21 [notice] 20#20: exiting
2024/08/29 18:14:21 [notice] 20#20: exit
2024/08/29 18:14:21 [notice] 1#1: signal 17 (SIGCHLD) received from 20
2024/08/29 18:14:21 [notice] 1#1: worker process 20 exited with code 0
2024/08/29 18:14:21 [notice] 1#1: exit
2024/08/29 18:14:33 [notice] 1#1: using the "epoll" event method
2024/08/29 18:14:33 [notice] 1#1: nginx/1.27.1
2024/08/29 18:14:33 [notice] 1#1: built by gcc 13.2.1 20240309 (Alpine 13.2.1_git20240309) 
2024/08/29 18:14:33 [notice] 1#1: OS: Linux 5.15.0-118-generic
2024/08/29 18:14:33 [notice] 1#1: getrlimit(RLIMIT_NOFILE): 1048576:1048576
2024/08/29 18:14:33 [notice] 1#1: start worker processes
2024/08/29 18:14:33 [notice] 1#1: start worker process 20
2024/08/29 18:14:52 [notice] 1#1: signal 3 (SIGQUIT) received, shutting down
2024/08/29 18:14:52 [notice] 20#20: gracefully shutting down
2024/08/29 18:14:52 [notice] 20#20: exiting
2024/08/29 18:14:52 [notice] 20#20: exit
2024/08/29 18:14:52 [notice] 1#1: signal 17 (SIGCHLD) received from 20
2024/08/29 18:14:52 [notice] 1#1: worker process 20 exited with code 0
2024/08/29 18:14:52 [notice] 1#1: exit
2024/08/29 18:15:03 [notice] 1#1: using the "epoll" event method
2024/08/29 18:15:03 [notice] 1#1: nginx/1.27.1
2024/08/29 18:15:03 [notice] 1#1: built by gcc 13.2.1 20240309 (Alpine 13.2.1_git20240309) 
2024/08/29 18:15:03 [notice] 1#1: OS: Linux 5.15.0-118-generic
2024/08/29 18:15:03 [notice] 1#1: getrlimit(RLIMIT_NOFILE): 1048576:1048576
2024/08/29 18:15:03 [notice] 1#1: start worker processes
2024/08/29 18:15:03 [notice] 1#1: start worker process 19
2024/08/29 18:15:51 [warn] 19#19: *1 an upstream response is buffered to a temporary file /var/cache/nginx/fastcgi_temp/1/00/0000000001 while reading upstream, client: 175.100.100.7, server: dms.dev, request: "GET /api/v1/address/ HTTP/1.1", upstream: "fastcgi://172.18.0.4:9000", host: "157.245.203.253:8002"
2024/08/29 18:16:59 [warn] 19#19: *3 an upstream response is buffered to a temporary file /var/cache/nginx/fastcgi_temp/2/00/0000000002 while reading upstream, client: 175.100.100.7, server: dms.dev, request: "GET /api/v1/address/ HTTP/1.1", upstream: "fastcgi://172.18.0.4:9000", host: "157.245.203.253:8002"
2024/08/29 18:18:06 [warn] 19#19: *5 an upstream response is buffered to a temporary file /var/cache/nginx/fastcgi_temp/3/00/0000000003 while reading upstream, client: 175.100.100.7, server: dms.dev, request: "GET /api/v1/address/ HTTP/1.1", upstream: "fastcgi://172.18.0.4:9000", host: "157.245.203.253:8002"
2024/08/29 18:21:35 [warn] 19#19: *8 an upstream response is buffered to a temporary file /var/cache/nginx/fastcgi_temp/4/00/0000000004 while reading upstream, client: 175.100.100.7, server: dms.dev, request: "GET /api/v1/address/ HTTP/1.1", upstream: "fastcgi://172.18.0.4:9000", host: "157.245.203.253:8002"
2024/08/29 18:35:12 [warn] 19#19: *10 an upstream response is buffered to a temporary file /var/cache/nginx/fastcgi_temp/5/00/0000000005 while reading upstream, client: 175.100.100.7, server: dms.dev, request: "GET /api/v1/address/ HTTP/1.1", upstream: "fastcgi://172.18.0.4:9000", host: "157.245.203.253:8002"
2024/08/29 18:39:53 [warn] 19#19: *13 an upstream response is buffered to a temporary file /var/cache/nginx/fastcgi_temp/6/00/0000000006 while reading upstream, client: 175.100.100.7, server: dms.dev, request: "GET /api/v1/address/ HTTP/1.1", upstream: "fastcgi://172.18.0.4:9000", host: "157.245.203.253:8002"
2024/08/29 18:40:14 [warn] 19#19: *13 an upstream response is buffered to a temporary file /var/cache/nginx/fastcgi_temp/7/00/0000000007 while reading upstream, client: 175.100.100.7, server: dms.dev, request: "GET /api/v1/address/ HTTP/1.1", upstream: "fastcgi://172.18.0.4:9000", host: "157.245.203.253:8002"
2024/08/29 18:41:03 [warn] 19#19: *13 an upstream response is buffered to a temporary file /var/cache/nginx/fastcgi_temp/8/00/0000000008 while reading upstream, client: 175.100.100.7, server: dms.dev, request: "GET /api/v1/address/ HTTP/1.1", upstream: "fastcgi://172.18.0.4:9000", host: "157.245.203.253:8002"
2024/08/29 18:41:40 [warn] 19#19: *13 an upstream response is buffered to a temporary file /var/cache/nginx/fastcgi_temp/9/00/0000000009 while reading upstream, client: 175.100.100.7, server: dms.dev, request: "GET /api/v1/address/ HTTP/1.1", upstream: "fastcgi://172.18.0.4:9000", host: "157.245.203.253:8002"
2024/08/29 18:45:27 [warn] 19#19: *18 an upstream response is buffered to a temporary file /var/cache/nginx/fastcgi_temp/0/01/0000000010 while reading upstream, client: 175.100.100.7, server: dms.dev, request: "GET /api/v1/address/ HTTP/1.1", upstream: "fastcgi://172.18.0.4:9000", host: "157.245.203.253:8002"
2024/08/29 18:48:02 [notice] 1#1: signal 3 (SIGQUIT) received, shutting down
2024/08/29 18:48:02 [notice] 19#19: gracefully shutting down
2024/08/29 18:48:02 [notice] 19#19: exiting
2024/08/29 18:48:02 [notice] 19#19: exit
2024/08/29 18:48:02 [notice] 1#1: signal 17 (SIGCHLD) received from 19
2024/08/29 18:48:02 [notice] 1#1: worker process 19 exited with code 0
2024/08/29 18:48:02 [notice] 1#1: exit
2024/08/29 18:50:52 [notice] 1#1: using the "epoll" event method
2024/08/29 18:50:52 [notice] 1#1: nginx/1.27.1
2024/08/29 18:50:52 [notice] 1#1: built by gcc 13.2.1 20240309 (Alpine 13.2.1_git20240309) 
2024/08/29 18:50:52 [notice] 1#1: OS: Linux 5.15.0-118-generic
2024/08/29 18:50:52 [notice] 1#1: getrlimit(RLIMIT_NOFILE): 1048576:1048576
2024/08/29 18:50:52 [notice] 1#1: start worker processes
2024/08/29 18:50:52 [notice] 1#1: start worker process 20
2024/08/29 18:51:53 [warn] 20#20: *1 an upstream response is buffered to a temporary file /var/cache/nginx/fastcgi_temp/1/00/0000000001 while reading upstream, client: 175.100.100.7, server: dms.dev, request: "GET /api/v1/address/ HTTP/1.1", upstream: "fastcgi://172.18.0.3:9000", host: "157.245.203.253:8002"
2024/08/29 18:52:16 [warn] 20#20: *1 an upstream response is buffered to a temporary file /var/cache/nginx/fastcgi_temp/2/00/0000000002 while reading upstream, client: 175.100.100.7, server: dms.dev, request: "GET /api/v1/address/ HTTP/1.1", upstream: "fastcgi://172.18.0.3:9000", host: "157.245.203.253:8002"
2024/08/29 18:53:51 [warn] 20#20: *4 an upstream response is buffered to a temporary file /var/cache/nginx/fastcgi_temp/3/00/0000000003 while reading upstream, client: 175.100.100.7, server: dms.dev, request: "GET /api/v1/address/ HTTP/1.1", upstream: "fastcgi://172.18.0.3:9000", host: "157.245.203.253:8002"
2024/08/29 18:54:02 [warn] 20#20: *4 an upstream response is buffered to a temporary file /var/cache/nginx/fastcgi_temp/4/00/0000000004 while reading upstream, client: 175.100.100.7, server: dms.dev, request: "GET /api/v1/address/ HTTP/1.1", upstream: "fastcgi://172.18.0.3:9000", host: "157.245.203.253:8002"
